Testing http://localhost:8000/api/v1/remediate/doc...
Status 200 OK. Content Preview:

[ERROR] Stream interrupted: 'async for' requires an object with __aiter__ method, got generator

FAILED: Error message detected in stream.
